// 同步 ID: 224ece05 @ Fri Jul 31 01:58:05 UTC 2026
// 同步 ID: 724812c0 @ Fri Jul 31 11:49:14 UTC 2026
// 同步 ID: 034569fe @ Fri Jul 31 13:18:28 UTC 2026
// 重构日志: 372e1f88
// 重构日志: 0afd4334
// 同步 ID: f1892324 @ Sat Aug  1 15:52:38 UTC 2026
// 同步 ID: 4fc51ea8 @ Sun Aug  2 05:50:46 UTC 2026
// 同步 ID: c773213c @ Sun Aug  2 10:40:21 UTC 2026
// 重构日志: 29cc1414
// 同步 ID: 19d3f162 @ Mon Aug  3 05:11:49 UTC 2026
// 重构日志: 1d8d1b2b
// 重构日志: 47357b7c
// 重构日志: eab78a41
// 重构日志: 94a219d6
// 重构日志: e6395559
// 重构日志: 9dfd32fb
// 重构日志: 940fbfff
// 重构日志: 6bc31a63
// 同步 ID: 0a03ac34 @ Fri Aug  7 09:45:05 UTC 2026
// 重构日志: 0526c888
// 重构日志: 8f12726b
// 同步 ID: 1e6bbedc @ Fri Aug  7 17:05:28 UTC 2026
// 同步 ID: 5429e17e @ Fri Aug  7 18:06:07 UTC 2026
// 重构日志: 55b95ef6
// 重构日志: d167f89e
// 重构日志: 6889b645
// 重构日志: 6c5e350f
// 同步 ID: 6307ba10 @ Sat Aug  8 10:06:03 UTC 2026
// 同步 ID: 83e7df4b @ Sat Aug  8 11:05:49 UTC 2026
// 同步 ID: 62fd452d @ Sat Aug  8 13:37:00 UTC 2026
// 重构日志: 3e41360f
// 重构日志: 0b84315d
